      Executed endpoint 'NexTore.Core.WebAPI.UserController.Authenticate (NexTore.Core)'
[40m[32minfo[39m[22m[49m: Microsoft.AspNetCore.Hosting.Diagnostics[2]
      Request finished in 355.5596ms 200 application/json; charset=utf-8
[40m[32minfo[39m[22m[49m: Microsoft.AspNetCore.Hosting.Diagnostics[1]
      Request starting HTTP/1.1 GET http://localhost:8081/api/user  
[40m[32minfo[39m[22m[49m: Microsoft.AspNetCore.Routing.EndpointMiddleware[0]
      Executing endpoint 'NexTore.Core.WebAPI.UserController.GetCurrentUser (NexTore.Core)'
[40m[32minfo[39m[22m[49m: Microsoft.AspNetCore.Mvc.Infrastructure.ControllerActionInvoker[3]
      Route matched with {action = "GetCurrentUser", controller = "User"}. Executing controller action with signature NexTore.Core.DataModels.Membership.MemberGroupModel GetCurrentUser() on controller NexTore.Core.WebAPI.UserController (NexTore.Core).
[40m[32minfo[39m[22m[49m: Microsoft.AspNetCore.Authorization.DefaultAuthorizationService[1]
      Authorization was successful.
[40m[32minfo[39m[22m[49m: Microsoft.AspNetCore.Mvc.Infrastructure.ObjectResultExecutor[1]
      Executing ObjectResult, writing value of type 'NexTore.Core.DataModels.Membership.MemberGroupModel'.
[40m[32minfo[39m[22m[49m: Microsoft.AspNetCore.Mvc.Infrastructure.ControllerActionInvoker[2]
      Executed action NexTore.Core.WebAPI.UserController.GetCurrentUser (NexTore.Core) in 184.9979ms
[40m[32minfo[39m[22m[49m: Microsoft.AspNetCore.Routing.EndpointMiddleware[1]
      Executed endpoint 'NexTore.Core.WebAPI.UserController.GetCurrentUser (NexTore.Core)'
[40m[32minfo[39m[22m[49m: Microsoft.AspNetCore.Hosting.Diagnostics[2]
      Request finished in 200.341ms 200 application/json; charset=utf-8
[40m[32minfo[39m[22m[49m: Microsoft.AspNetCore.Hosting.Diagnostics[1]
      Request starting HTTP/1.1 GET http://localhost:8081/api/systemsetting/public  
[40m[32minfo[39m[22m[49m: Microsoft.AspNetCore.Routing.EndpointMiddleware[0]
      Executing endpoint 'NexTore.Core.WebAPI.SystemSettingController.GetSystemSettings (NexTore.Core)'
[40m[32minfo[39m[22m[49m: Microsoft.AspNetCore.Mvc.Infrastructure.ControllerActionInvoker[3]
      Route matched with {action = "GetSystemSettings", controller = "SystemSetting"}. Executing controller action with signature Newtonsoft.Json.Linq.JObject GetSystemSettings(System.Collections.Generic.IEnumerable`1[System.String]) on controller NexTore.Core.WebAPI.SystemSettingController (NexTore.Core).
[40m[32minfo[39m[22m[49m: Microsoft.AspNetCore.Mvc.Infrastructure.ObjectResultExecutor[1]
      Executing ObjectResult, writing value of type 'Newtonsoft.Json.Linq.JObject'.
[40m[32minfo[39m[22m[49m: Microsoft.AspNetCore.Mvc.Infrastructure.ControllerActionInvoker[2]
      Executed action NexTore.Core.WebAPI.SystemSettingController.GetSystemSettings (NexTore.Core) in 71.6281ms
[40m[32minfo[39m[22m[49m: Microsoft.AspNetCore.Routing.EndpointMiddleware[1]
      Executed endpoint 'NexTore.Core.WebAPI.SystemSettingController.GetSystemSettings (NexTore.Core)'
[40m[32minfo[39m[22m[49m: Microsoft.AspNetCore.Hosting.Diagnostics[2]
      Request finished in 81.4009ms 200 application/json; charset=utf-8
[40m[32minfo[39m[22m[49m: Microsoft.AspNetCore.Hosting.Diagnostics[1]
      Request starting HTTP/1.1 GET http://localhost:8081/api/user?timestamp=1667791141331  
[40m[32minfo[39m[22m[49m: Microsoft.AspNetCore.Routing.EndpointMiddleware[0]
      Executing endpoint 'NexTore.Core.WebAPI.UserController.GetCurrentUser (NexTore.Core)'
[40m[32minfo[39m[22m[49m: Microsoft.AspNetCore.Mvc.Infrastructure.ControllerActionInvoker[3]
      Route matched with {action = "GetCurrentUser", controller = "User"}. Executing controller action with signature NexTore.Core.DataModels.Membership.MemberGroupModel GetCurrentUser() on controller NexTore.Core.WebAPI.UserController (NexTore.Core).
[40m[32minfo[39m[22m[49m: Microsoft.AspNetCore.Authorization.DefaultAuthorizationService[1]
      Authorization was successful.
[40m[32minfo[39m[22m[49m: Microsoft.AspNetCore.Mvc.Infrastructure.ObjectResultExecutor[1]
      Executing ObjectResult, writing value of type 'NexTore.Core.DataModels.Membership.MemberGroupModel'.
[40m[32minfo[39m[22m[49m: Microsoft.AspNetCore.Mvc.Infrastructure.ControllerActionInvoker[2]
      Executed action NexTore.Core.WebAPI.UserController.GetCurrentUser (NexTore.Core) in 145.0049ms
[40m[32minfo[39m[22m[49m: Microsoft.AspNetCore.Routing.EndpointMiddleware[1]
      Executed endpoint 'NexTore.Core.WebAPI.UserController.GetCurrentUser (NexTore.Core)'
[40m[32minfo[39m[22m[49m: Microsoft.AspNetCore.Hosting.Diagnostics[2]
      Request finished in 156.4335ms 200 application/json; charset=utf-8
[40m[32minfo[39m[22m[49m: Microsoft.AspNetCore.Hosting.Diagnostics[1]
      Request starting HTTP/1.1 GET http://localhost:8081/api/systemsetting/public  
[40m[32minfo[39m[22m[49m: Microsoft.AspNetCore.Routing.EndpointMiddleware[0]
      Executing endpoint 'NexTore.Core.WebAPI.SystemSettingController.GetSystemSettings (NexTore.Core)'
[40m[32minfo[39m[22m[49m: Microsoft.AspNetCore.Mvc.Infrastructure.ControllerActionInvoker[3]
      Route matched with {action = "GetSystemSettings", controller = "SystemSetting"}. Executing controller action with signature Newtonsoft.Json.Linq.JObject GetSystemSettings(System.Collections.Generic.IEnumerable`1[System.String]) on controller NexTore.Core.WebAPI.SystemSettingController (NexTore.Core).
[40m[32minfo[39m[22m[49m: Microsoft.AspNetCore.Mvc.Infrastructure.ObjectResultExecutor[1]
      Executing ObjectResult, writing value of type 'Newtonsoft.Json.Linq.JObject'.
[40m[32minfo[39m[22m[49m: Microsoft.AspNetCore.Mvc.Infrastructure.ControllerActionInvoker[2]
      Executed action NexTore.Core.WebAPI.SystemSettingController.GetSystemSettings (NexTore.Core) in 52.3704ms
[40m[32minfo[39m[22m[49m: Microsoft.AspNetCore.Routing.EndpointMiddleware[1]
      Executed endpoint 'NexTore.Core.WebAPI.SystemSettingController.GetSystemSettings (NexTore.Core)'
[40m[32minfo[39m[22m[49m: Microsoft.AspNetCore.Hosting.Diagnostics[2]
      Request finished in 65.0965ms 200 application/json; charset=utf-8
[40m[32minfo[39m[22m[49m: Microsoft.AspNetCore.Hosting.Diagnostics[1]
      Request starting HTTP/1.1 GET http://localhost:8081/api/help-page?id=LandingCPS  
[40m[32minfo[39m[22m[49m: Microsoft.AspNetCore.Routing.EndpointMiddleware[0]
      Executing endpoint 'NexTore.Core.WebAPI.HelpPageController.Get (NexTore.Core)'
[40m[32minfo[39m[22m[49m: Microsoft.AspNetCore.Mvc.Infrastructure.ControllerActionInvoker[3]
      Route matched with {action = "Get", controller = "HelpPage"}. Executing controller action with signature NexTore.Core.Entities.HelpPage Get(System.String) on controller NexTore.Core.WebAPI.HelpPageController (NexTore.Core).
[40m[32minfo[39m[22m[49m: Microsoft.AspNetCore.Mvc.Infrastructure.ObjectResultExecutor[1]
      Executing ObjectResult, writing value of type 'null'.
[40m[32minfo[39m[22m[49m: Microsoft.AspNetCore.Mvc.Infrastructure.ControllerActionInvoker[2]
      Executed action NexTore.Core.WebAPI.HelpPageController.Get (NexTore.Core) in 70.5806ms
[40m[32minfo[39m[22m[49m: Microsoft.AspNetCore.Routing.EndpointMiddleware[1]
      Executed endpoint 'NexTore.Core.WebAPI.HelpPageController.Get (NexTore.Core)'
[40m[32minfo[39m[22m[49m: Microsoft.AspNetCore.Hosting.Diagnostics[2]
      Request finished in 82.4325ms 204 
[40m[32minfo[39m[22m[49m: Microsoft.AspNetCore.Hosting.Diagnostics[1]
      Request starting HTTP/1.1 GET http://localhost:8081/api/user  
[40m[32minfo[39m[22m[49m: Microsoft.AspNetCore.Routing.EndpointMiddleware[0]
      Executing endpoint 'NexTore.Core.WebAPI.UserController.GetCurrentUser (NexTore.Core)'
[40m[32minfo[39m[22m[49m: Microsoft.AspNetCore.Mvc.Infrastructure.ControllerActionInvoker[3]
      Route matched with {action = "GetCurrentUser", controller = "User"}. Executing controller action with signature NexTore.Core.DataModels.Membership.MemberGroupModel GetCurrentUser() on controller NexTore.Core.WebAPI.UserController (NexTore.Core).
[40m[32minfo[39m[22m[49m: Microsoft.AspNetCore.Authorization.DefaultAuthorizationService[1]
      Authorization was successful.
[40m[32minfo[39m[22m[49m: Microsoft.AspNetCore.Mvc.Infrastructure.ObjectResultExecutor[1]
      Executing ObjectResult, writing value of type 'NexTore.Core.DataModels.Membership.MemberGroupModel'.
[40m[32minfo[39m[22m[49m: Microsoft.AspNetCore.Mvc.Infrastructure.ControllerActionInvoker[2]
      Executed action NexTore.Core.WebAPI.UserController.GetCurrentUser (NexTore.Core) in 224.2259ms
[40m[32minfo[39m[22m[49m: Microsoft.AspNetCore.Routing.EndpointMiddleware[1]
      Executed endpoint 'NexTore.Core.WebAPI.UserController.GetCurrentUser (NexTore.Core)'
[40m[32minfo[39m[22m[49m: Microsoft.AspNetCore.Hosting.Diagnostics[2]
      Request finished in 240.0976ms 200 application/json; charset=utf-8
[40m[32minfo[39m[22m[49m: Microsoft.AspNetCore.Hosting.Diagnostics[1]
      Request starting HTTP/1.1 GET http://localhost:8081/api/systemsetting/public  
[40m[32minfo[39m[22m[49m: Microsoft.AspNetCore.Routing.EndpointMiddleware[0]
      Executing endpoint 'NexTore.Core.WebAPI.SystemSettingController.GetSystemSettings (NexTore.Core)'
[40m[32minfo[39m[22m[49m: Microsoft.AspNetCore.Mvc.Infrastructure.ControllerActionInvoker[3]
      Route matched with {action = "GetSystemSettings", controller = "SystemSetting"}. Executing controller action with signature Newtonsoft.Json.Linq.JObject GetSystemSettings(System.Collections.Generic.IEnumerable`1[System.String]) on controller NexTore.Core.WebAPI.SystemSettingController (NexTore.Core).
[40m[32minfo[39m[22m[49m: Microsoft.AspNetCore.Mvc.Infrastructure.ObjectResultExecutor[1]
      Executing ObjectResult, writing value of type 'Newtonsoft.Json.Linq.JObject'.
[40m[32minfo[39m[22m[49m: Microsoft.AspNetCore.Mvc.Infrastructure.ControllerActionInvoker[2]
      Executed action NexTore.Core.WebAPI.SystemSettingController.GetSystemSettings (NexTore.Core) in 72.2034ms
[40m[32minfo[39m[22m[49m: Microsoft.AspNetCore.Routing.EndpointMiddleware[1]
      Executed endpoint 'NexTore.Core.WebAPI.SystemSettingController.GetSystemSettings (NexTore.Core)'
[40m[32minfo[39m[22m[49m: Microsoft.AspNetCore.Hosting.Diagnostics[2]
      Request finished in 84.4568ms 200 application/json; charset=utf-8
[40m[32minfo[39m[22m[49m: Microsoft.AspNetCore.Hosting.Diagnostics[1]
      Request starting HTTP/1.1 POST http://localhost:8081/RealTimeNotificationHub/negotiate text/plain;charset=UTF-8 0
[40m[32minfo[39m[22m[49m: Microsoft.AspNetCore.Hosting.Diagnostics[1]
      Request starting HTTP/1.1 POST http://localhost:8081/RealTimeNotificationHub/negotiate text/plain;charset=UTF-8 0
[40m[32minfo[39m[22m[49m: Microsoft.AspNetCore.Routing.EndpointMiddleware[0]
      Executing endpoint 'RealTimeNotificationHub/negotiate'
[40m[32minfo[39m[22m[49m: Microsoft.AspNetCore.Routing.EndpointMiddleware[0]
      Executing endpoint 'RealTimeNotificationHub/negotiate'
[40m[32minfo[39m[22m[49m: Microsoft.AspNetCore.Routing.EndpointMiddleware[1]
      Executed endpoint 'RealTimeNotificationHub/negotiate'
[40m[32minfo[39m[22m[49m: Microsoft.AspNetCore.Routing.EndpointMiddleware[1]
      Executed endpoint 'RealTimeNotificationHub/negotiate'
[40m[32minfo[39m[22m[49m: Microsoft.AspNetCore.Hosting.Diagnostics[2]
      Request finished in 14.7805ms 200 application/json
[40m[32minfo[39m[22m[49m: Microsoft.AspNetCore.Hosting.Diagnostics[2]
      Request finished in 11.1264ms 200 application/json
[40m[32minfo[39m[22m[49m: Microsoft.AspNetCore.Hosting.Diagnostics[1]
      Request starting HTTP/1.1 GET http://localhost:8081/api/user/role  
[40m[32minfo[39m[22m[49m: Microsoft.AspNetCore.Hosting.Diagnostics[1]
      Request starting HTTP/1.1 GET http://localhost:8081/api/menu?menu=MainMenu  
[40m[32minfo[39m[22m[49m: Microsoft.AspNetCore.Hosting.Diagnostics[1]
      Request starting HTTP/1.1 GET http://localhost:8081/api/widget/dashboard/landingCPS  
[40m[32minfo[39m[22m[49m: Microsoft.AspNetCore.Routing.EndpointMiddleware[0]
      Executing endpoint 'NexTore.Core.WebAPI.UserController.GetRole (NexTore.Core)'
[40m[32minfo[39m[22m[49m: Microsoft.AspNetCore.Mvc.Infrastructure.ControllerActionInvoker[3]
      Route matched with {action = "GetRole", controller = "User"}. Executing controller action with signature NexTore.Core.DataModels.Role.RoleModel GetRole() on controller NexTore.Core.WebAPI.UserController (NexTore.Core).
[40m[32minfo[39m[22m[49m: Microsoft.AspNetCore.Routing.EndpointMiddleware[0]
      Executing endpoint 'NexTore.Core.WebAPI.WidgetWithoutTileController.GetDashBoard (NexTore.Core)'
[40m[32minfo[39m[22m[49m: Microsoft.AspNetCore.Routing.EndpointMiddleware[0]
      Executing endpoint 'NexTore.Core.WebAPI.MenuController.ListMenu (NexTore.Core)'
[40m[32minfo[39m[22m[49m: Microsoft.AspNetCore.Mvc.Infrastructure.ControllerActionInvoker[3]
      Route matched with {action = "GetDashBoard", controller = "WidgetWithoutTile"}. Executing controller action with signature NexTore.Core.DataModels.DashboardWithoutTileModel GetDashBoard(System.String) on controller NexTore.Core.WebAPI.WidgetWithoutTileController (NexTore.Core).
[40m[32minfo[39m[22m[49m: Microsoft.AspNetCore.Mvc.Infrastructure.ControllerActionInvoker[3]
      Route matched with {action = "ListMenu", controller = "Menu"}. Executing controller action with signature NexTore.Core.DataModels.MenuModel ListMenu(System.String, System.Nullable`1[System.Int32]) on controller NexTore.Core.WebAPI.MenuController (NexTore.Core).
[40m[32minfo[39m[22m[49m: Microsoft.AspNetCore.Authorization.DefaultAuthorizationService[1]
      Authorization was successful.
[40m[32minfo[39m[22m[49m: Microsoft.AspNetCore.Authorization.DefaultAuthorizationService[1]
      Authorization was successful.
[40m[32minfo[39m[22m[49m: Microsoft.AspNetCore.Authorization.DefaultAuthorizationService[1]
      Authorization was successful.
[40m[32minfo[39m[22m[49m: Microsoft.AspNetCore.Hosting.Diagnostics[1]
      Request starting HTTP/1.1 GET http://localhost:8081/RealTimeNotificationHub?id=iOLA0VFXO7mSBn4llEY33w  
[40m[32minfo[39m[22m[49m: Microsoft.AspNetCore.Routing.EndpointMiddleware[0]
      Executing endpoint 'RealTimeNotificationHub'
[40m[32minfo[39m[22m[49m: Microsoft.AspNetCore.Hosting.Diagnostics[1]
      Request starting HTTP/1.1 GET http://localhost:8081/RealTimeNotificationHub?id=vBqESgYgsEDcvsn1rRyFZQ  
[40m[32minfo[39m[22m[49m: Microsoft.AspNetCore.Routing.EndpointMiddleware[0]
      Executing endpoint 'RealTimeNotificationHub'
[40m[32minfo[39m[22m[49m: Microsoft.AspNetCore.Mvc.Infrastructure.ObjectResultExecutor[1]
      Executing ObjectResult, writing value of type 'NexTore.Core.DataModels.Role.RoleModel'.
[40m[32minfo[39m[22m[49m: Microsoft.AspNetCore.Mvc.Infrastructure.ControllerActionInvoker[2]
      Executed action NexTore.Core.WebAPI.UserController.GetRole (NexTore.Core) in 191.4827ms
[40m[32minfo[39m[22m[49m: Microsoft.AspNetCore.Routing.EndpointMiddleware[1]
      Executed endpoint 'NexTore.Core.WebAPI.UserController.GetRole (NexTore.Core)'
[40m[32minfo[39m[22m[49m: Microsoft.AspNetCore.Hosting.Diagnostics[2]
      Request finished in 219.2911ms 200 application/json; charset=utf-8
[40m[32minfo[39m[22m[49m: Microsoft.AspNetCore.Mvc.Infrastructure.ObjectResultExecutor[1]
      Executing ObjectResult, writing value of type 'NexTore.Core.DataModels.DashboardWithoutTileModel'.
[40m[32minfo[39m[22m[49m: Microsoft.AspNetCore.Mvc.Infrastructure.ControllerActionInvoker[2]
      Executed action NexTore.Core.WebAPI.WidgetWithoutTileController.GetDashBoard (NexTore.Core) in 242.4334ms
[40m[32minfo[39m[22m[49m: Microsoft.AspNetCore.Routing.EndpointMiddleware[1]
      Executed endpoint 'NexTore.Core.WebAPI.WidgetWithoutTileController.GetDashBoard (NexTore.Core)'
[40m[32minfo[39m[22m[49m: Microsoft.AspNetCore.Hosting.Diagnostics[2]
      Request finished in 259.3081ms 200 application/json; charset=utf-8
[40m[32minfo[39m[22m[49m: Microsoft.AspNetCore.Hosting.Diagnostics[1]
      Request starting HTTP/1.1 POST http://localhost:8081/RealTimeNotificationHub/negotiate text/plain;charset=UTF-8 0
[40m[32minfo[39m[22m[49m: Microsoft.AspNetCore.Routing.EndpointMiddleware[0]
      Executing endpoint 'RealTimeNotificationHub/negotiate'
[40m[32minfo[39m[22m[49m: Microsoft.AspNetCore.Routing.EndpointMiddleware[1]
      Executed endpoint 'RealTimeNotificationHub/negotiate'
[40m[32minfo[39m[22m[49m: Microsoft.AspNetCore.Hosting.Diagnostics[2]
      Request finished in 24.6267ms 200 application/json
[40m[32minfo[39m[22m[49m: Microsoft.AspNetCore.Hosting.Diagnostics[1]
      Request starting HTTP/1.1 GET http://localhost:8081/eps/api/cpsproject/cps-project-list?keyword=  
[40m[32minfo[39m[22m[49m: Microsoft.AspNetCore.Hosting.Diagnostics[1]
      Request starting HTTP/1.1 GET http://localhost:8081/eps/api/e-referral/get-assigned-referral-list?keyword=  
[40m[32minfo[39m[22m[49m: Microsoft.AspNetCore.Routing.EndpointMiddleware[0]
      Executing endpoint 'NexTore.EPS.eProcessing.Controllers.CPSProjectController.GetCPSProjectList (NexTore.EPS.eProcessing)'
[40m[32minfo[39m[22m[49m: Microsoft.AspNetCore.Mvc.Infrastructure.ControllerActionInvoker[3]
      Route matched with {action = "GetCPSProjectList", controller = "CPSProject"}. Executing controller action with signature System.Collections.Generic.List`1[NexTore.EPS.eProcessing.Models.CPSProjectModel] GetCPSProjectList(System.String) on controller NexTore.EPS.eProcessing.Controllers.CPSProjectController (NexTore.EPS.eProcessing).
[40m[32minfo[39m[22m[49m: Microsoft.AspNetCore.Routing.EndpointMiddleware[0]
      Executing endpoint 'NexTore.EPS.eProcessing.Controllers.CPSReferralController.GetAssignedReferralList (NexTore.EPS.eProcessing)'
[40m[32minfo[39m[22m[49m: Microsoft.AspNetCore.Mvc.Infrastructure.ControllerActionInvoker[3]
      Route matched with {action = "GetAssignedReferralList", controller = "CPSReferral"}. Executing controller action with signature System.Collections.Generic.List`1[NexTore.EPS.eProcessing.Models.CPSReferralInfoModel] GetAssignedReferralList(System.String) on controller NexTore.EPS.eProcessing.Controllers.CPSReferralController (NexTore.EPS.eProcessing).
[40m[32minfo[39m[22m[49m: Microsoft.AspNetCore.Authorization.DefaultAuthorizationService[1]
      Authorization was successful.
[40m[32minfo[39m[22m[49m: Microsoft.AspNetCore.Authorization.DefaultAuthorizationService[1]
      Authorization was successful.
[40m[32minfo[39m[22m[49m: Microsoft.AspNetCore.Hosting.Diagnostics[1]
      Request starting HTTP/1.1 GET http://localhost:8081/RealTimeNotificationHub?id=1zOnjzDCKGoFrnCGxkIKZg  
[40m[32minfo[39m[22m[49m: Microsoft.AspNetCore.Routing.EndpointMiddleware[0]
      Executing endpoint 'RealTimeNotificationHub'
[40m[32minfo[39m[22m[49m: Microsoft.AspNetCore.Mvc.Infrastructure.ObjectResultExecutor[1]
      Executing ObjectResult, writing value of type 'System.Collections.Generic.List`1[[NexTore.EPS.eProcessing.Models.CPSReferralInfoModel, NexTore.EPS.eProcessing, Version=1.0.0.0, Culture=neutral, PublicKeyToken=null]]'.
[40m[32minfo[39m[22m[49m: Microsoft.AspNetCore.Mvc.Infrastructure.ControllerActionInvoker[2]
      Executed action NexTore.EPS.eProcessing.Controllers.CPSReferralController.GetAssignedReferralList (NexTore.EPS.eProcessing) in 476.5182ms
[40m[32minfo[39m[22m[49m: Microsoft.AspNetCore.Routing.EndpointMiddleware[1]
      Executed endpoint 'NexTore.EPS.eProcessing.Controllers.CPSReferralController.GetAssignedReferralList (NexTore.EPS.eProcessing)'
[40m[32minfo[39m[22m[49m: Microsoft.AspNetCore.Hosting.Diagnostics[2]
      Request finished in 531.3572ms 200 application/json; charset=utf-8
[40m[32minfo[39m[22m[49m: Microsoft.AspNetCore.Mvc.Infrastructure.ObjectResultExecutor[1]
      Executing ObjectResult, writing value of type 'NexTore.Core.DataModels.MenuModel'.
[40m[32minfo[39m[22m[49m: Microsoft.AspNetCore.Mvc.Infrastructure.ControllerActionInvoker[2]
      Executed action NexTore.Core.WebAPI.MenuController.ListMenu (NexTore.Core) in 1140.3751ms
[40m[32minfo[39m[22m[49m: Microsoft.AspNetCore.Routing.EndpointMiddleware[1]
      Executed endpoint 'NexTore.Core.WebAPI.MenuController.ListMenu (NexTore.Core)'
[40m[32minfo[39m[22m[49m: Microsoft.AspNetCore.Hosting.Diagnostics[2]
      Request finished in 1164.5404ms 200 application/json; charset=utf-8
[40m[32minfo[39m[22m[49m: Microsoft.AspNetCore.Mvc.Infrastructure.ObjectResultExecutor[1]
      Executing ObjectResult, writing value of type 'System.Collections.Generic.List`1[[NexTore.EPS.eProcessing.Models.CPSProjectModel, NexTore.EPS.eProcessing, Version=1.0.0.0, Culture=neutral, PublicKeyToken=null]]'.
[40m[32minfo[39m[22m[49m: Microsoft.AspNetCore.Mvc.Infrastructure.ControllerActionInvoker[2]
      Executed action NexTore.EPS.eProcessing.Controllers.CPSProjectController.GetCPSProjectList (NexTore.EPS.eProcessing) in 1949.8568ms
[40m[32minfo[39m[22m[49m: Microsoft.AspNetCore.Routing.EndpointMiddleware[1]
      Executed endpoint 'NexTore.EPS.eProcessing.Controllers.CPSProjectController.GetCPSProjectList (NexTore.EPS.eProcessing)'
[40m[32minfo[39m[22m[49m: Microsoft.AspNetCore.Hosting.Diagnostics[2]
      Request finished in 1980.2226ms 200 application/json; charset=utf-8
[40m[32minfo[39m[22m[49m: Microsoft.AspNetCore.Hosting.Diagnostics[1]
      Request starting HTTP/1.1 GET http://localhost:8081/api/user?timestamp=1667791156324  
[40m[32minfo[39m[22m[49m: Microsoft.AspNetCore.Routing.EndpointMiddleware[0]
      Executing endpoint 'NexTore.Core.WebAPI.UserController.GetCurrentUser (NexTore.Core)'
[40m[32minfo[39m[22m[49m: Microsoft.AspNetCore.Mvc.Infrastructure.ControllerActionInvoker[3]
      Route matched with {action = "GetCurrentUser", controller = "User"}. Executing controller action with signature NexTore.Core.DataModels.Membership.MemberGroupModel GetCurrentUser() on controller NexTore.Core.WebAPI.UserController (NexTore.Core).
[40m[32minfo[39m[22m[49m: Microsoft.AspNetCore.Authorization.DefaultAuthorizationService[1]
      Authorization was successful.
[40m[32minfo[39m[22m[49m: Microsoft.AspNetCore.Mvc.Infrastructure.ObjectResultExecutor[1]
      Executing ObjectResult, writing value of type 'NexTore.Core.DataModels.Membership.MemberGroupModel'.
[40m[32minfo[39m[22m[49m: Microsoft.AspNetCore.Mvc.Infrastructure.ControllerActionInvoker[2]
      Executed action NexTore.Core.WebAPI.UserController.GetCurrentUser (NexTore.Core) in 93.4453ms
[40m[32minfo[39m[22m[49m: Microsoft.AspNetCore.Routing.EndpointMiddleware[1]
      Executed endpoint 'NexTore.Core.WebAPI.UserController.GetCurrentUser (NexTore.Core)'
[40m[32minfo[39m[22m[49m: Microsoft.AspNetCore.Hosting.Diagnostics[2]
      Request finished in 100.9402ms 200 application/json; charset=utf-8
[40m[32minfo[39m[22m[49m: Microsoft.AspNetCore.Hosting.Diagnostics[1]
      Request starting HTTP/1.1 GET http://localhost:8081/api/user/role  
[40m[32minfo[39m[22m[49m: Microsoft.AspNetCore.Routing.EndpointMiddleware[0]
      Executing endpoint 'NexTore.Core.WebAPI.UserController.GetRole (NexTore.Core)'
[40m[32minfo[39m[22m[49m: Microsoft.AspNetCore.Mvc.Infrastructure.ControllerActionInvoker[3]
      Route matched with {action = "GetRole", controller = "User"}. Executing controller action with signature NexTore.Core.DataModels.Role.RoleModel GetRole() on controller NexTore.Core.WebAPI.UserController (NexTore.Core).
[40m[32minfo[39m[22m[49m: Microsoft.AspNetCore.Authorization.DefaultAuthorizationService[1]
      Authorization was successful.
[40m[32minfo[39m[22m[49m: Microsoft.AspNetCore.Mvc.Infrastructure.ObjectResultExecutor[1]
      Executing ObjectResult, writing value of type 'NexTore.Core.DataModels.Role.RoleModel'.
[40m[32minfo[39m[22m[49m: Microsoft.AspNetCore.Mvc.Infrastructure.ControllerActionInvoker[2]
      Executed action NexTore.Core.WebAPI.UserController.GetRole (NexTore.Core) in 51.8163ms
[40m[32minfo[39m[22m[49m: Microsoft.AspNetCore.Routing.EndpointMiddleware[1]
      Executed endpoint 'NexTore.Core.WebAPI.UserController.GetRole (NexTore.Core)'
[40m[32minfo[39m[22m[49m: Microsoft.AspNetCore.Hosting.Diagnostics[2]
      Request finished in 65.033ms 200 application/json; charset=utf-8
[40m[32minfo[39m[22m[49m: Microsoft.AspNetCore.Hosting.Diagnostics[1]
      Request starting HTTP/1.1 GET http://localhost:8081/api/systemsetting/public  
[40m[32minfo[39m[22m[49m: Microsoft.AspNetCore.Routing.EndpointMiddleware[0]
      Executing endpoint 'NexTore.Core.WebAPI.SystemSettingController.GetSystemSettings (NexTore.Core)'
[40m[32minfo[39m[22m[49m: Microsoft.AspNetCore.Mvc.Infrastructure.ControllerActionInvoker[3]
      Route matched with {action = "GetSystemSettings", controller = "SystemSetting"}. Executing controller action with signature Newtonsoft.Json.Linq.JObject GetSystemSettings(System.Collections.Generic.IEnumerable`1[System.String]) on controller NexTore.Core.WebAPI.SystemSettingController (NexTore.Core).
[40m[32minfo[39m[22m[49m: Microsoft.AspNetCore.Mvc.Infrastructure.ObjectResultExecutor[1]
      Executing ObjectResult, writing value of type 'Newtonsoft.Json.Linq.JObject'.
[40m[32minfo[39m[22m[49m: Microsoft.AspNetCore.Mvc.Infrastructure.ControllerActionInvoker[2]
      Executed action NexTore.Core.WebAPI.SystemSettingController.GetSystemSettings (NexTore.Core) in 78.1683ms
[40m[32minfo[39m[22m[49m: Microsoft.AspNetCore.Routing.EndpointMiddleware[1]
      Executed endpoint 'NexTore.Core.WebAPI.SystemSettingController.GetSystemSettings (NexTore.Core)'
[40m[32minfo[39m[22m[49m: Microsoft.AspNetCore.Hosting.Diagnostics[2]
      Request finished in 91.8913ms 200 application/json; charset=utf-8
[40m[32minfo[39m[22m[49m: Microsoft.AspNetCore.Hosting.Diagnostics[1]
      Request starting HTTP/1.1 GET http://localhost:8081/api/help-page?id=EReferral  
[40m[32minfo[39m[22m[49m: Microsoft.AspNetCore.Routing.EndpointMiddleware[0]
      Executing endpoint 'NexTore.Core.WebAPI.HelpPageController.Get (NexTore.Core)'
[40m[32minfo[39m[22m[49m: Microsoft.AspNetCore.Mvc.Infrastructure.ControllerActionInvoker[3]
      Route matched with {action = "Get", controller = "HelpPage"}. Executing controller action with signature NexTore.Core.Entities.HelpPage Get(System.String) on controller NexTore.Core.WebAPI.HelpPageController (NexTore.Core).
[40m[32minfo[39m[22m[49m: Microsoft.AspNetCore.Mvc.Infrastructure.ObjectResultExecutor[1]
      Executing ObjectResult, writing value of type 'null'.
[40m[32minfo[39m[22m[49m: Microsoft.AspNetCore.Mvc.Infrastructure.ControllerActionInvoker[2]
      Executed action NexTore.Core.WebAPI.HelpPageController.Get (NexTore.Core) in 106.6568ms
[40m[32minfo[39m[22m[49m: Microsoft.AspNetCore.Routing.EndpointMiddleware[1]
      Executed endpoint 'NexTore.Core.WebAPI.HelpPageController.Get (NexTore.Core)'
[40m[32minfo[39m[22m[49m: Microsoft.AspNetCore.Hosting.Diagnostics[2]
      Request finished in 125.7363ms 204 
[40m[32minfo[39m[22m[49m: Microsoft.AspNetCore.Hosting.Diagnostics[1]
      Request starting HTTP/1.1 GET http://localhost:8081/api/user  
[40m[32minfo[39m[22m[49m: Microsoft.AspNetCore.Routing.EndpointMiddleware[0]
      Executing endpoint 'NexTore.Core.WebAPI.UserController.GetCurrentUser (NexTore.Core)'
[40m[32minfo[39m[22m[49m: Microsoft.AspNetCore.Mvc.Infrastructure.ControllerActionInvoker[3]
      Route matched with {action = "GetCurrentUser", controller = "User"}. Executing controller action with signature NexTore.Core.DataModels.Membership.MemberGroupModel GetCurrentUser() on controller NexTore.Core.WebAPI.UserController (NexTore.Core).
[40m[32minfo[39m[22m[49m: Microsoft.AspNetCore.Authorization.DefaultAuthorizationService[1]
      Authorization was successful.
[40m[32minfo[39m[22m[49m: Microsoft.AspNetCore.Mvc.Infrastructure.ObjectResultExecutor[1]
      Executing ObjectResult, writing value of type 'NexTore.Core.DataModels.Membership.MemberGroupModel'.
[40m[32minfo[39m[22m[49m: Microsoft.AspNetCore.Mvc.Infrastructure.ControllerActionInvoker[2]
      Executed action NexTore.Core.WebAPI.UserController.GetCurrentUser (NexTore.Core) in 105.219ms
[40m[32minfo[39m[22m[49m: Microsoft.AspNetCore.Routing.EndpointMiddleware[1]
      Executed endpoint 'NexTore.Core.WebAPI.UserController.GetCurrentUser (NexTore.Core)'
[40m[32minfo[39m[22m[49m: Microsoft.AspNetCore.Hosting.Diagnostics[2]
      Request finished in 115.1578ms 200 application/json; charset=utf-8
[40m[32minfo[39m[22m[49m: Microsoft.AspNetCore.Hosting.Diagnostics[1]
      Request starting HTTP/1.1 GET http://localhost:8081/api/systemsetting/public  
[40m[32minfo[39m[22m[49m: Microsoft.AspNetCore.Routing.EndpointMiddleware[0]
      Executing endpoint 'NexTore.Core.WebAPI.SystemSettingController.GetSystemSettings (NexTore.Core)'
[40m[32minfo[39m[22m[49m: Microsoft.AspNetCore.Mvc.Infrastructure.ControllerActionInvoker[3]
      Route matched with {action = "GetSystemSettings", controller = "SystemSetting"}. Executing controller action with signature Newtonsoft.Json.Linq.JObject GetSystemSettings(System.Collections.Generic.IEnumerable`1[System.String]) on controller NexTore.Core.WebAPI.SystemSettingController (NexTore.Core).
[40m[32minfo[39m[22m[49m: Microsoft.AspNetCore.Mvc.Infrastructure.ObjectResultExecutor[1]
      Executing ObjectResult, writing value of type 'Newtonsoft.Json.Linq.JObject'.
[40m[32minfo[39m[22m[49m: Microsoft.AspNetCore.Mvc.Infrastructure.ControllerActionInvoker[2]
      Executed action NexTore.Core.WebAPI.SystemSettingController.GetSystemSettings (NexTore.Core) in 42.5921ms
[40m[32minfo[39m[22m[49m: Microsoft.AspNetCore.Routing.EndpointMiddleware[1]
      Executed endpoint 'NexTore.Core.WebAPI.SystemSettingController.GetSystemSettings (NexTore.Core)'
[40m[32minfo[39m[22m[49m: Microsoft.AspNetCore.Hosting.Diagnostics[2]
      Request finished in 50.2617ms 200 application/json; charset=utf-8
[40m[32minfo[39m[22m[49m: Microsoft.AspNetCore.Hosting.Diagnostics[1]
      Request starting HTTP/1.1 GET http://localhost:8081/eps/api/e-referral/detail/577  
[40m[32minfo[39m[22m[49m: Microsoft.AspNetCore.Hosting.Diagnostics[1]
      Request starting HTTP/1.1 GET http://localhost:8081/eps/api/cpsproject/get-project/detail/406  
[40m[32minfo[39m[22m[49m: Microsoft.AspNetCore.Routing.EndpointMiddleware[0]
      Executing endpoint 'NexTore.EPS.eProcessing.Controllers.CPSProjectController.GetCPSProjectDetail (NexTore.EPS.eProcessing)'
[40m[32minfo[39m[22m[49m: Microsoft.AspNetCore.Routing.EndpointMiddleware[0]
      Executing endpoint 'NexTore.EPS.eProcessing.Controllers.CPSReferralController.GetCPSReferralDetail (NexTore.EPS.eProcessing)'
[40m[32minfo[39m[22m[49m: Microsoft.AspNetCore.Mvc.Infrastructure.ControllerActionInvoker[3]
      Route matched with {action = "GetCPSProjectDetail", controller = "CPSProject"}. Executing controller action with signature NexTore.EPS.eProcessing.Models.CPSProjectResponseModel GetCPSProjectDetail(Int32) on controller NexTore.EPS.eProcessing.Controllers.CPSProjectController (NexTore.EPS.eProcessing).
[40m[32minfo[39m[22m[49m: Microsoft.AspNetCore.Mvc.Infrastructure.ControllerActionInvoker[3]
      Route matched with {action = "GetCPSReferralDetail", controller = "CPSReferral"}. Executing controller action with signature NexTore.EPS.eProcessing.Models.CPSReferralDetailModel GetCPSReferralDetail(Int32) on controller NexTore.EPS.eProcessing.Controllers.CPSReferralController (NexTore.EPS.eProcessing).
[40m[32minfo[39m[22m[49m: Microsoft.AspNetCore.Authorization.DefaultAuthorizationService[1]
      Authorization was successful.
[40m[32minfo[39m[22m[49m: Microsoft.AspNetCore.Authorization.DefaultAuthorizationService[1]
      Authorization was successful.
[40m[32minfo[39m[22m[49m: Microsoft.AspNetCore.Mvc.Infrastructure.ObjectResultExecutor[1]
      Executing ObjectResult, writing value of type 'NexTore.EPS.eProcessing.Models.CPSProjectResponseModel'.
[40m[32minfo[39m[22m[49m: Microsoft.AspNetCore.Mvc.Infrastructure.ControllerActionInvoker[2]
      Executed action NexTore.EPS.eProcessing.Controllers.CPSProjectController.GetCPSProjectDetail (NexTore.EPS.eProcessing) in 301.1093ms
[40m[32minfo[39m[22m[49m: Microsoft.AspNetCore.Routing.EndpointMiddleware[1]
      Executed endpoint 'NexTore.EPS.eProcessing.Controllers.CPSProjectController.GetCPSProjectDetail (NexTore.EPS.eProcessing)'
[40m[32minfo[39m[22m[49m: Microsoft.AspNetCore.Hosting.Diagnostics[2]
      Request finished in 316.576ms 200 application/json; charset=utf-8
[40m[32minfo[39m[22m[49m: Microsoft.AspNetCore.Mvc.Infrastructure.ObjectResultExecutor[1]
      Executing ObjectResult, writing value of type 'NexTore.EPS.eProcessing.Models.CPSReferralDetailModel'.
[40m[32minfo[39m[22m[49m: Microsoft.AspNetCore.Mvc.Infrastructure.ControllerActionInvoker[2]
      Executed action NexTore.EPS.eProcessing.Controllers.CPSReferralController.GetCPSReferralDetail (NexTore.EPS.eProcessing) in 714.6072ms
[40m[32minfo[39m[22m[49m: Microsoft.AspNetCore.Routing.EndpointMiddleware[1]
      Executed endpoint 'NexTore.EPS.eProcessing.Controllers.CPSReferralController.GetCPSReferralDetail (NexTore.EPS.eProcessing)'
[40m[32minfo[39m[22m[49m: Microsoft.AspNetCore.Hosting.Diagnostics[2]
      Request finished in 732.0608ms 200 application/json; charset=utf-8
[40m[32minfo[39m[22m[49m: Microsoft.AspNetCore.Hosting.Diagnostics[1]
      Request starting HTTP/1.1 GET http://localhost:8081/eps/api/cps-wf/instance/search?pageNo=0&pageSize=12&sortDesc=false  
[40m[32minfo[39m[22m[49m: Microsoft.AspNetCore.Routing.EndpointMiddleware[0]
      Executing endpoint 'NexTore.EPS.eProcessing.Controllers.CPSWorkflowController.GetProcs (NexTore.EPS.eProcessing)'
[40m[32minfo[39m[22m[49m: Microsoft.AspNetCore.Mvc.Infrastructure.ControllerActionInvoker[3]
      Route matched with {action = "GetProcs", controller = "CPSWorkflow"}. Executing controller action with signature NexTore.NAF.WF.REST.Model.NprProcPage GetProcs(NexTore.NAF.WF.REST.Model.NprProcSearchModel, NexTore.NAF.WF.REST.Model.NafPaging) on controller NexTore.EPS.eProcessing.Controllers.CPSWorkflowController (NexTore.EPS.eProcessing).
[40m[32minfo[39m[22m[49m: Microsoft.AspNetCore.Authorization.DefaultAuthorizationService[1]
      Authorization was successful.
[40m[32minfo[39m[22m[49m: Microsoft.AspNetCore.Hosting.Diagnostics[1]
      Request starting HTTP/1.1 GET http://localhost:8081/eps/api/e-referral/577/isContributor  
[40m[32minfo[39m[22m[49m: Microsoft.AspNetCore.Routing.EndpointMiddleware[0]
      Executing endpoint 'NexTore.EPS.eProcessing.Controllers.CPSReferralController.isContributor (NexTore.EPS.eProcessing)'
[40m[32minfo[39m[22m[49m: Microsoft.AspNetCore.Mvc.Infrastructure.ControllerActionInvoker[3]
      Route matched with {action = "isContributor", controller = "CPSReferral"}. Executing controller action with signature Microsoft.AspNetCore.Mvc.ActionResult isContributor(Int32) on controller NexTore.EPS.eProcessing.Controllers.CPSReferralController (NexTore.EPS.eProcessing).
[40m[32minfo[39m[22m[49m: Microsoft.AspNetCore.Authorization.DefaultAuthorizationService[1]
      Authorization was successful.
[40m[32minfo[39m[22m[49m: Microsoft.AspNetCore.Mvc.Infrastructure.ObjectResultExecutor[1]
      Executing ObjectResult, writing value of type 'System.Boolean'.
[40m[32minfo[39m[22m[49m: Microsoft.AspNetCore.Mvc.Infrastructure.ControllerActionInvoker[2]
      Executed action NexTore.EPS.eProcessing.Controllers.CPSReferralController.isContributor (NexTore.EPS.eProcessing) in 84.9269ms
[40m[32minfo[39m[22m[49m: Microsoft.AspNetCore.Routing.EndpointMiddleware[1]
      Executed endpoint 'NexTore.EPS.eProcessing.Controllers.CPSReferralController.isContributor (NexTore.EPS.eProcessing)'
[40m[32minfo[39m[22m[49m: Microsoft.AspNetCore.Hosting.Diagnostics[2]
      Request finished in 95.5089ms 200 application/json; charset=utf-8
[40m[32minfo[39m[22m[49m: Microsoft.AspNetCore.Mvc.Infrastructure.ObjectResultExecutor[1]
      Executing ObjectResult, writing value of type 'NexTore.NAF.WF.REST.Model.NprProcPage'.
[40m[32minfo[39m[22m[49m: Microsoft.AspNetCore.Mvc.Infrastructure.ControllerActionInvoker[2]
      Executed action NexTore.EPS.eProcessing.Controllers.CPSWorkflowController.GetProcs (NexTore.EPS.eProcessing) in 882.7701ms
[40m[32minfo[39m[22m[49m: Microsoft.AspNetCore.Routing.EndpointMiddleware[1]
      Executed endpoint 'NexTore.EPS.eProcessing.Controllers.CPSWorkflowController.GetProcs (NexTore.EPS.eProcessing)'
[40m[32minfo[39m[22m[49m: Microsoft.AspNetCore.Hosting.Diagnostics[2]
      Request finished in 895.2081ms 200 application/json; charset=utf-8
[40m[32minfo[39m[22m[49m: Microsoft.AspNetCore.Hosting.Diagnostics[1]
      Request starting HTTP/1.1 GET http://localhost:8081/api/files/204859/content  
[40m[32minfo[39m[22m[49m: Microsoft.AspNetCore.Routing.EndpointMiddleware[0]
      Executing endpoint 'NexTore.Core.WebAPI.FileController.Download (NexTore.Core)'
[40m[32minfo[39m[22m[49m: Microsoft.AspNetCore.Mvc.Infrastructure.ControllerActionInvoker[3]
      Route matched with {action = "Download", controller = "File"}. Executing controller action with signature Microsoft.AspNetCore.Mvc.IActionResult Download(Int32, System.Nullable`1[System.Int32]) on controller NexTore.Core.WebAPI.FileController (NexTore.Core).
[40m[32minfo[39m[22m[49m: Microsoft.AspNetCore.Authorization.DefaultAuthorizationService[1]
      Authorization was successful.
[40m[32minfo[39m[22m[49m: Microsoft.AspNetCore.Mvc.Infrastructure.ObjectResultExecutor[1]
      Executing ObjectResult, writing value of type 'System.String'.
[40m[32minfo[39m[22m[49m: Microsoft.AspNetCore.Mvc.Infrastructure.ControllerActionInvoker[2]
      Executed action NexTore.Core.WebAPI.FileController.Download (NexTore.Core) in 109.4309ms
[40m[32minfo[39m[22m[49m: Microsoft.AspNetCore.Routing.EndpointMiddleware[1]
      Executed endpoint 'NexTore.Core.WebAPI.FileController.Download (NexTore.Core)'
[40m[32minfo[39m[22m[49m: Microsoft.AspNetCore.Hosting.Diagnostics[2]
      Request finished in 117.8871ms 404 text/plain; charset=utf-8
[40m[32minfo[39m[22m[49m: Microsoft.AspNetCore.Hosting.Diagnostics[1]
      Request starting HTTP/1.1 GET http://localhost:8081/api/files/204859/content  
[40m[32minfo[39m[22m[49m: Microsoft.AspNetCore.Routing.EndpointMiddleware[0]
      Executing endpoint 'NexTore.Core.WebAPI.FileController.Download (NexTore.Core)'
[40m[32minfo[39m[22m[49m: Microsoft.AspNetCore.Mvc.Infrastructure.ControllerActionInvoker[3]
      Route matched with {action = "Download", controller = "File"}. Executing controller action with signature Microsoft.AspNetCore.Mvc.IActionResult Download(Int32, System.Nullable`1[System.Int32]) on controller NexTore.Core.WebAPI.FileController (NexTore.Core).
[40m[32minfo[39m[22m[49m: Microsoft.AspNetCore.Authorization.DefaultAuthorizationService[1]
      Authorization was successful.
[40m[32minfo[39m[22m[49m: Microsoft.AspNetCore.Mvc.Infrastructure.ObjectResultExecutor[1]
      Executing ObjectResult, writing value of type 'System.String'.
[40m[32minfo[39m[22m[49m: Microsoft.AspNetCore.Mvc.Infrastructure.ControllerActionInvoker[2]
      Executed action NexTore.Core.WebAPI.FileController.Download (NexTore.Core) in 101.0557ms
[40m[32minfo[39m[22m[49m: Microsoft.AspNetCore.Routing.EndpointMiddleware[1]
      Executed endpoint 'NexTore.Core.WebAPI.FileController.Download (NexTore.Core)'
[40m[32minfo[39m[22m[49m: Microsoft.AspNetCore.Hosting.Diagnostics[2]
      Request finished in 108.3054ms 404 text/plain; charset=utf-8
[40m[32minfo[39m[22m[49m: Microsoft.AspNetCore.Routing.EndpointMiddleware[1]
      Executed endpoint 'RealTimeNotificationHub'
[40m[32minfo[39m[22m[49m: Microsoft.AspNetCore.Routing.EndpointMiddleware[1]
      Executed endpoint 'RealTimeNotificationHub'
[40m[32minfo[39m[22m[49m: Microsoft.AspNetCore.Hosting.Diagnostics[2]
      Request finished in 2121624.8531ms 101 
[40m[32minfo[39m[22m[49m: Microsoft.AspNetCore.Hosting.Diagnostics[2]
      Request finished in 2121029.4673ms 101 
[40m[32minfo[39m[22m[49m: Microsoft.AspNetCore.Routing.EndpointMiddleware[1]
      Executed endpoint 'RealTimeNotificationHub'
[40m[32minfo[39m[22m[49m: Microsoft.AspNetCore.Hosting.Diagnostics[2]
      Request finished in 2121691.3944ms 101 
[testSiteLotSftpInfo] ElectronicCaseFileSiteLotLog UpdateDate with DateTime type: 10/17/2022 04:03:05 . 
[testSiteLotSftpInfo] ElectronicCaseFileSiteLotLog UpdateDate with string: 2022-10-17T04:03:05.487Z . 
[testSiteLotSftpInfo] ElectronicCaseFileSiteLotLog UpdateDate with DateTime type: 10/17/2022 04:03:19 . 
[testSiteLotSftpInfo] ElectronicCaseFileSiteLotLog UpdateDate with string: 2022-10-17T04:03:19.170Z . 
[testSiteLotSftpInfo] ElectronicCaseFileSiteLotLog UpdateDate with DateTime type: 10/17/2022 04:03:19 . 
[testSiteLotSftpInfo] ElectronicCaseFileSiteLotLog UpdateDate with string: 2022-10-17T04:03:19.246Z . 
[testSiteLotSftpInfo] ElectronicCaseFileSiteLotLog UpdateDate with DateTime type: 10/17/2022 04:03:47 . 
[testSiteLotSftpInfo] ElectronicCaseFileSiteLotLog UpdateDate with string: 2022-10-17T04:03:47.082Z . 
[testSiteLotSftpInfo] ElectronicCaseFileSiteLotLog UpdateDate with DateTime type: 10/17/2022 04:03:47 . 
[testSiteLotSftpInfo] ElectronicCaseFileSiteLotLog UpdateDate with string: 2022-10-17T04:03:47.169Z . 
[testSiteLotSftpInfo] ElectronicCaseFileSiteLotLog UpdateDate with DateTime type: 10/17/2022 04:22:37 . 
[testSiteLotSftpInfo] ElectronicCaseFileSiteLotLog UpdateDate with string: 2022-10-17T04:22:37.478Z . 
[testSiteLotSftpInfo] ElectronicCaseFileSiteLotLog UpdateDate with DateTime type: 10/17/2022 04:22:46 . 
[testSiteLotSftpInfo] ElectronicCaseFileSiteLotLog UpdateDate with string: 2022-10-17T04:22:46.527Z . 
[testSiteLotSftpInfo] ElectronicCaseFileSiteLotLog UpdateDate with DateTime type: 10/17/2022 04:22:46 . 
[testSiteLotSftpInfo] ElectronicCaseFileSiteLotLog UpdateDate with string: 2022-10-17T04:22:46.635Z . 
[testSiteLotSftpInfo] ElectronicCaseFileSiteLotLog UpdateDate with DateTime type: 10/17/2022 06:29:04 . 
[testSiteLotSftpInfo] ElectronicCaseFileSiteLotLog UpdateDate with string: 2022-10-17T06:29:04.730Z . 
[testSiteLotSftpInfo] ElectronicCaseFileSiteLotLog UpdateDate with DateTime type: 10/17/2022 06:30:09 . 
[testSiteLotSftpInfo] ElectronicCaseFileSiteLotLog UpdateDate with string: 2022-10-17T06:30:09.359Z . 
[testSiteLotSftpInfo] ElectronicCaseFileSiteLotLog UpdateDate with DateTime type: 10/17/2022 06:30:09 . 
[testSiteLotSftpInfo] ElectronicCaseFileSiteLotLog UpdateDate with string: 2022-10-17T06:30:09.491Z . 
[testSiteLotSftpInfo] ElectronicCaseFileSiteLotLog UpdateDate with DateTime type: 10/17/2022 06:34:09 . 
[testSiteLotSftpInfo] ElectronicCaseFileSiteLotLog UpdateDate with string: 2022-10-17T06:34:09.740Z . 
[testSiteLotSftpInfo] ElectronicCaseFileSiteLotLog UpdateDate with DateTime type: 10/17/2022 06:34:22 . 
[testSiteLotSftpInfo] ElectronicCaseFileSiteLotLog UpdateDate with string: 2022-10-17T06:34:22.646Z . 
[testSiteLotSftpInfo] ElectronicCaseFileSiteLotLog UpdateDate with DateTime type: 10/17/2022 06:34:22 . 
[testSiteLotSftpInfo] ElectronicCaseFileSiteLotLog UpdateDate with string: 2022-10-17T06:34:22.731Z . 
[testSiteLotSftpInfo] ElectronicCaseFileSiteLotLog UpdateDate with DateTime type: 10/17/2022 06:34:48 . 
[testSiteLotSftpInfo] ElectronicCaseFileSiteLotLog UpdateDate with string: 2022-10-17T06:34:48.601Z . 
[testSiteLotSftpInfo] ElectronicCaseFileSiteLotLog UpdateDate with DateTime type: 10/17/2022 06:34:48 . 
[testSiteLotSftpInfo] ElectronicCaseFileSiteLotLog UpdateDate with string: 2022-10-17T06:34:48.686Z . 
[testSiteLotSftpInfo] ElectronicCaseFileSiteLotLog UpdateDate with DateTime type: 10/17/2022 06:39:51 . 
[testSiteLotSftpInfo] ElectronicCaseFileSiteLotLog UpdateDate with string: 2022-10-17T06:39:51.202Z . 
[testSiteLotSftpInfo] ElectronicCaseFileSiteLotLog UpdateDate with DateTime type: 10/17/2022 06:39:59 . 
[testSiteLotSftpInfo] ElectronicCaseFileSiteLotLog UpdateDate with string: 2022-10-17T06:39:59.557Z . 
[testSiteLotSftpInfo] ElectronicCaseFileSiteLotLog UpdateDate with DateTime type: 10/17/2022 06:39:59 . 
[testSiteLotSftpInfo] ElectronicCaseFileSiteLotLog UpdateDate with string: 2022-10-17T06:39:59.637Z . 
[testSiteLotSftpInfo] ElectronicCaseFileSiteLotLog UpdateDate with DateTime type: 10/17/2022 06:40:21 . 
[testSiteLotSftpInfo] ElectronicCaseFileSiteLotLog UpdateDate with string: 2022-10-17T06:40:21.778Z . 
[testSiteLotSftpInfo] ElectronicCaseFileSiteLotLog UpdateDate with DateTime type: 10/17/2022 06:40:21 . 
[testSiteLotSftpInfo] ElectronicCaseFileSiteLotLog UpdateDate with string: 2022-10-17T06:40:21.883Z . 
[testSiteLotSftpInfo] ElectronicCaseFileSiteLotLog UpdateDate with DateTime type: 10/17/2022 06:43:41 . 
[testSiteLotSftpInfo] ElectronicCaseFileSiteLotLog UpdateDate with string: 2022-10-17T06:43:41.207Z . 
[testSiteLotSftpInfo] ElectronicCaseFileSiteLotLog UpdateDate with DateTime type: 10/17/2022 06:43:41 . 
[testSiteLotSftpInfo] ElectronicCaseFileSiteLotLog UpdateDate with string: 2022-10-17T06:43:41.304Z . 
[testSiteLotSftpInfo] ElectronicCaseFileSiteLotLog UpdateDate with DateTime type: 10/17/2022 06:48:26 . 
[testSiteLotSftpInfo] ElectronicCaseFileSiteLotLog UpdateDate with string: 2022-10-17T06:48:26.000Z . 
[testSiteLotSftpInfo] ElectronicCaseFileSiteLotLog UpdateDate with DateTime type: 10/17/2022 06:48:37 . 
[testSiteLotSftpInfo] ElectronicCaseFileSiteLotLog UpdateDate with string: 2022-10-17T06:48:37.556Z . 
[testSiteLotSftpInfo] ElectronicCaseFileSiteLotLog UpdateDate with DateTime type: 10/17/2022 06:48:37 . 
[testSiteLotSftpInfo] ElectronicCaseFileSiteLotLog UpdateDate with string: 2022-10-17T06:48:37.651Z . 
[testSiteLotSftpInfo] ElectronicCaseFileSiteLotLog UpdateDate with DateTime type: 10/17/2022 06:54:08 . 
[testSiteLotSftpInfo] ElectronicCaseFileSiteLotLog UpdateDate with string: 2022-10-17T06:54:08.792Z . 
[testSiteLotSftpInfo] ElectronicCaseFileSiteLotLog UpdateDate with DateTime type: 10/17/2022 06:54:21 . 
[testSiteLotSftpInfo] ElectronicCaseFileSiteLotLog UpdateDate with string: 2022-10-17T06:54:21.180Z . 
[testSiteLotSftpInfo] ElectronicCaseFileSiteLotLog UpdateDate with DateTime type: 10/17/2022 06:54:21 . 
[testSiteLotSftpInfo] ElectronicCaseFileSiteLotLog UpdateDate with string: 2022-10-17T06:54:21.281Z . 
[testSiteLotSftpInfo] ElectronicCaseFileSiteLotLog UpdateDate with DateTime type: 10/17/2022 06:58:57 . 
[testSiteLotSftpInfo] ElectronicCaseFileSiteLotLog UpdateDate with string: 2022-10-17T06:58:57.175Z . 
[testSiteLotSftpInfo] ElectronicCaseFileSiteLotLog UpdateDate with DateTime type: 10/17/2022 06:59:06 . 
[testSiteLotSftpInfo] ElectronicCaseFileSiteLotLog UpdateDate with string: 2022-10-17T06:59:06.706Z . 
[testSiteLotSftpInfo] ElectronicCaseFileSiteLotLog UpdateDate with DateTime type: 10/17/2022 06:59:06 . 
[testSiteLotSftpInfo] ElectronicCaseFileSiteLotLog UpdateDate with string: 2022-10-17T06:59:06.843Z . 
[testSiteLotSftpInfo] ElectronicCaseFileSiteLotLog UpdateDate with DateTime type: 10/17/2022 07:03:05 . 
[testSiteLotSftpInfo] ElectronicCaseFileSiteLotLog UpdateDate with string: 2022-10-17T07:03:05.338Z . 
[testSiteLotSftpInfo] ElectronicCaseFileSiteLotLog UpdateDate with DateTime type: 10/17/2022 07:03:17 . 
[testSiteLotSftpInfo] ElectronicCaseFileSiteLotLog UpdateDate with string: 2022-10-17T07:03:17.761Z . 
[testSiteLotSftpInfo] ElectronicCaseFileSiteLotLog UpdateDate with DateTime type: 10/17/2022 07:03:17 . 
[testSiteLotSftpInfo] ElectronicCaseFileSiteLotLog UpdateDate with string: 2022-10-17T07:03:17.882Z . 
[testSiteLotSftpInfo] ElectronicCaseFileSiteLotLog UpdateDate with DateTime type: 10/17/2022 07:07:58 . 
[testSiteLotSftpInfo] ElectronicCaseFileSiteLotLog UpdateDate with string: 2022-10-17T07:07:58.931Z . 
[testSiteLotSftpInfo] ElectronicCaseFileSiteLotLog UpdateDate with DateTime type: 10/17/2022 07:11:57 . 
[testSiteLotSftpInfo] ElectronicCaseFileSiteLotLog UpdateDate with string: 2022-10-17T07:11:57.324Z . 
[testSiteLotSftpInfo] ElectronicCaseFileSiteLotLog UpdateDate with DateTime type: 10/17/2022 07:15:39 . 
[testSiteLotSftpInfo] ElectronicCaseFileSiteLotLog UpdateDate with string: 2022-10-17T07:15:39.365Z . 
[testSiteLotSftpInfo] ElectronicCaseFileSiteLotLog UpdateDate with DateTime type: 10/17/2022 07:19:49 . 
[testSiteLotSftpInfo] ElectronicCaseFileSiteLotLog UpdateDate with string: 2022-10-17T07:19:49.813Z . 
[testSiteLotSftpInfo] ElectronicCaseFileSiteLotLog UpdateDate with DateTime type: 10/17/2022 07:23:19 . 
[testSiteLotSftpInfo] ElectronicCaseFileSiteLotLog UpdateDate with string: 2022-10-17T07:23:19.857Z . 
[testSiteLotSftpInfo] ElectronicCaseFileSiteLotLog UpdateDate with DateTime type: 10/17/2022 07:26:38 . 
[testSiteLotSftpInfo] ElectronicCaseFileSiteLotLog UpdateDate with string: 2022-10-17T07:26:38.386Z . 
[testSiteLotSftpInfo] ElectronicCaseFileSiteLotLog UpdateDate with DateTime type: 10/17/2022 07:29:30 . 
[testSiteLotSftpInfo] ElectronicCaseFileSiteLotLog UpdateDate with string: 2022-10-17T07:29:30.717Z . 
[testSiteLotSftpInfo] ElectronicCaseFileSiteLotLog UpdateDate with DateTime type: 10/17/2022 07:32:10 . 
[testSiteLotSftpInfo] ElectronicCaseFileSiteLotLog UpdateDate with string: 2022-10-17T07:32:10.548Z . 
[testSiteLotSftpInfo] ElectronicCaseFileSiteLotLog UpdateDate with DateTime type: 10/17/2022 08:07:57 . 
[testSiteLotSftpInfo] ElectronicCaseFileSiteLotLog UpdateDate with string: 2022-10-17T08:07:57.135Z . 
[testSiteLotSftpInfo] ElectronicCaseFileSiteLotLog UpdateDate with DateTime type: 10/17/2022 08:16:04 . 
[testSiteLotSftpInfo] ElectronicCaseFileSiteLotLog UpdateDate with string: 2022-10-17T08:16:04.182Z . 
[testSiteLotSftpInfo] ElectronicCaseFileSiteLotLog UpdateDate with DateTime type: 10/17/2022 08:25:12 . 
[testSiteLotSftpInfo] ElectronicCaseFileSiteLotLog UpdateDate with string: 2022-10-17T08:25:12.143Z . 
[testSiteLotSftpInfo] ElectronicCaseFileSiteLotLog UpdateDate with DateTime type: 10/17/2022 08:30:01 . 
[testSiteLotSftpInfo] ElectronicCaseFileSiteLotLog UpdateDate with string: 2022-10-17T08:30:01.003Z . 
[testSiteLotSftpInfo] ElectronicCaseFileSiteLotLog UpdateDate with DateTime type: 10/17/2022 08:35:10 . 
[testSiteLotSftpInfo] ElectronicCaseFileSiteLotLog UpdateDate with string: 2022-10-17T08:35:10.705Z . 
[testSiteLotSftpInfo] ElectronicCaseFileSiteLotLog UpdateDate with DateTime type: 10/17/2022 08:40:13 . 
[testSiteLotSftpInfo] ElectronicCaseFileSiteLotLog UpdateDate with string: 2022-10-17T08:40:13.942Z . 
[testSiteLotSftpInfo] ElectronicCaseFileSiteLotLog UpdateDate with DateTime type: 10/17/2022 08:45:00 . 
[testSiteLotSftpInfo] ElectronicCaseFileSiteLotLog UpdateDate with string: 2022-10-17T08:45:00.768Z . 
[testSiteLotSftpInfo] ElectronicCaseFileSiteLotLog UpdateDate with DateTime type: 10/17/2022 08:48:08 . 
[testSiteLotSftpInfo] ElectronicCaseFileSiteLotLog UpdateDate with string: 2022-10-17T08:48:08.163Z . 
[testSiteLotSftpInfo] ElectronicCaseFileSiteLotLog UpdateDate with DateTime type: 10/17/2022 08:51:41 . 
[testSiteLotSftpInfo] ElectronicCaseFileSiteLotLog UpdateDate with string: 2022-10-17T08:51:41.454Z . 
[testSiteLotSftpInfo] ElectronicCaseFileSiteLotLog UpdateDate with DateTime type: 10/17/2022 09:31:43 . 
[testSiteLotSftpInfo] ElectronicCaseFileSiteLotLog UpdateDate with string: 2022-10-17T09:31:43.847Z . 
[testSiteLotSftpInfo] ElectronicCaseFileSiteLotLog UpdateDate with DateTime type: 10/17/2022 09:31:56 . 
[testSiteLotSftpInfo] ElectronicCaseFileSiteLotLog UpdateDate with string: 2022-10-17T09:31:56.270Z . 
[testSiteLotSftpInfo] ElectronicCaseFileSiteLotLog UpdateDate with DateTime type: 10/17/2022 09:31:56 . 
[testSiteLotSftpInfo] ElectronicCaseFileSiteLotLog UpdateDate with string: 2022-10-17T09:31:56.364Z . 
[40m[32minfo[39m[22m[49m: Microsoft.AspNetCore.Hosting.Diagnostics[1]
      Request starting HTTP/1.1 GET http://localhost:8081/api/files/204859/content  
[40m[32minfo[39m[22m[49m: NexTore.Core.Authentication.NexCookieAuthenticationHandler[7]
      Nextore.Cookie was not authenticated. Failure message: Ticket expired
[40m[32minfo[39m[22m[49m: Microsoft.AspNetCore.Routing.EndpointMiddleware[0]
      Executing endpoint 'NexTore.Core.WebAPI.FileController.Download (NexTore.Core)'
[40m[32minfo[39m[22m[49m: Microsoft.AspNetCore.Mvc.Infrastructure.ControllerActionInvoker[3]
      Route matched with {action = "Download", controller = "File"}. Executing controller action with signature Microsoft.AspNetCore.Mvc.IActionResult Download(Int32, System.Nullable`1[System.Int32]) on controller NexTore.Core.WebAPI.FileController (NexTore.Core).
[40m[32minfo[39m[22m[49m: NexTore.Core.Authentication.NexCookieAuthenticationHandler[7]
      Nextore.Cookie was not authenticated. Failure message: Ticket expired
[40m[32minfo[39m[22m[49m: Microsoft.AspNetCore.Authorization.DefaultAuthorizationService[2]
      Authorization failed.
[40m[32minfo[39m[22m[49m: Microsoft.AspNetCore.Mvc.Infrastructure.ControllerActionInvoker[3]
      Authorization failed for the request at filter 'Microsoft.AspNetCore.Mvc.Authorization.AuthorizeFilter'.
[40m[32minfo[39m[22m[49m: Microsoft.AspNetCore.Mvc.ChallengeResult[1]
      Executing ChallengeResult with authentication schemes (Bearer, Nextore.Cookie, Nextore.APIKey).
[40m[32minfo[39m[22m[49m: NexTore.Auth.JWT.JwtAuthenticationHandler[12]
      AuthenticationScheme: Bearer was challenged.
[40m[32minfo[39m[22m[49m: NexTore.Core.Authentication.NexCookieAuthenticationHandler[12]
      AuthenticationScheme: Nextore.Cookie was challenged.
[40m[32minfo[39m[22m[49m: NexTore.Core.Authentication.APIKeyAuthenticationHandler[12]
      AuthenticationScheme: Nextore.APIKey was challenged.
[40m[32minfo[39m[22m[49m: Microsoft.AspNetCore.Mvc.Infrastructure.ControllerActionInvoker[2]
      Executed action NexTore.Core.WebAPI.FileController.Download (NexTore.Core) in 8.2466ms
[40m[32minfo[39m[22m[49m: Microsoft.AspNetCore.Routing.EndpointMiddleware[1]
      Executed endpoint 'NexTore.Core.WebAPI.FileController.Download (NexTore.Core)'
[40m[32minfo[39m[22m[49m: Microsoft.AspNetCore.Hosting.Diagnostics[2]
      Request finished in 16.4867ms 401 
root
drwxr-xr-x 1 web web 4096 Sep 20 07:09 /app
Container inited, skip this shell.
root
drwxr-xr-x 1 web web 4096 Sep 20 07:09 /app
Container inited, skip this shell.
root
drwxr-xr-x 1 web web 4096 Sep 20 07:09 /app
Container inited, skip this shell.
root
drwxr-xr-x 1 web web 4096 Sep 20 07:09 /app
Container inited, skip this shell.
root
drwxr-xr-x 1 web web 4096 Sep 20 07:09 /app
Container inited, skip this shell.
[40m[32minfo[39m[22m[49m: Hangfire.Storage.MySql.MySqlStorage[0]
      DB tables already exist. Exit install
[40m[32minfo[39m[22m[49m: NexTore.Core.Modules.ModuleInitializer[0]
      Imported module:("NexTore.RealTimeNotification.REST"7d1d170c-ffba-4c1b-b7ee-ce26a81a4470).
[40m[32minfo[39m[22m[49m: NexTore.Core.Modules.ModuleInitializer[0]
      Imported module:("NexTore.REST.Client"a64fa1fc-a933-400e-b605-66b99d08071d).
[40m[32minfo[39m[22m[49m: NexTore.Core.Modules.ModuleInitializer[0]
      Imported module:("Solr Search Engine"9424bd4d-7902-4ec7-b3ae-03f119d30692).
[40m[32minfo[39m[22m[49m: NexTore.Core.Modules.ModuleInitializer[0]
      Imported module:("NexTore.RealTimeNotification"862ac0b7-7b21-4039-9746-4bd2ae79588c).
[40m[32minfo[39m[22m[49m: NexTore.Core.Modules.ModuleInitializer[0]
      Imported module:("NexTore.IOProvider.AWS.S3"0506ab0a-d1ca-424c-bda0-c27fb1e6aaab).
[40m[32minfo[39m[22m[49m: NexTore.Core.Modules.ModuleInitializer[0]
      Imported module:("NexTore.OCR.WebApp"425dd52f-26f6-4351-8fc5-7781a06eeef7).
[40m[32minfo[39m[22m[49m: NexTore.Core.Modules.ModuleInitializer[0]
      Imported module:("NexTore.Calendar"7e8f6dd7-7fed-4d6d-8588-d73cf0fcfdfd).
[40m[32minfo[39m[22m[49m: NexTore.Core.Modules.ModuleInitializer[0]
      Imported module:("ECM BDIS"e453c7de-dedb-4223-b129-66a6062c1548).
[40m[32minfo[39m[22m[49m: NexTore.Core.Modules.ModuleInitializer[0]
      Imported module:("ECM Common"1A9E5816-7287-4C71-A348-47118B4BCB8C).
[40m[32minfo[39m[22m[49m: NexTore.Core.Modules.ModuleInitializer[0]
      Imported module:("ECM ECF"FF6F2A1F-2535-4037-AB16-7C038A80E48F).
[40m[32minfo[39m[22m[49m: NexTore.Core.Modules.ModuleInitializer[0]
      Imported module:("ECM eCounter"CA42BA67-8AE4-4CE4-8BB6-93D8B1C4B39A).
[40m[32minfo[39m[22m[49m: NexTore.Core.Modules.ModuleInitializer[0]
      Imported module:("ECM e-Directory"9BBBF9F6-C3A1-45C8-A061-004DE66DCFA3).
[40m[32minfo[39m[22m[49m: NexTore.Core.Modules.ModuleInitializer[0]
      Imported module:("NexTore Viewer Module"d3183dc6-bef2-4ed7-ab20-04c287c707c2).
[40m[32minfo[39m[22m[49m: NexTore.Core.Modules.ModuleInitializer[0]
      Imported module:("EPS eProcessing"D83CE071-50DA-40E3-B8BB-689884D8AF78).
[40m[32minfo[39m[22m[49m: NexTore.Core.Modules.ModuleInitializer[0]
      Imported module:("ESH Common"7EDCD67E-D2D9-4C88-988C-9FA19B2BE712).
[40m[32minfo[39m[22m[49m: NexTore.Core.Modules.ModuleInitializer[0]
      Imported module:("ESH Registration"0905151F-95D2-4C33-8443-09F44DF05A0E).
[40m[32minfo[39m[22m[49m: NexTore.Core.Modules.ModuleInitializer[0]
      Imported module:("NexTore.FormToPdf.Webapp"c12a037b-239c-485e-ba98-27269274d9ad).
[40m[32minfo[39m[22m[49m: NexTore.Core.Modules.ModuleInitializer[0]
      Imported module:("NexTore.IAmSmart"597bca55-c396-4d23-b714-776386e407df).
[40m[32minfo[39m[22m[49m: NexTore.Core.Modules.ModuleInitializer[0]
      Imported module:("NexTore.FormToPdf.Webapp"c12a037b-239c-485e-ba98-27269274d9ad).
[40m[32minfo[39m[22m[49m: NexTore.Core.Modules.ModuleInitializer[0]
      Imported module:("NexTore.Sign"0ceb612e-77bc-4b0e-9cd9-c02ef891fba7).
[40m[32minfo[39m[22m[49m: NexTore.Core.Modules.ModuleInitializer[0]
      Imported module:("NexTore.Utilities"fe5680eb-281d-444b-85d6-6c80c99488d1).
[40m[32minfo[39m[22m[49m: NexTore.Core.Modules.ModuleInitializer[0]
      Enabled modules
[40m[1m[33mwarn[39m[22m[49m: Microsoft.AspNetCore.Server.Kestrel[0]
      Overriding address(es) 'http://+:8080'. Binding to endpoints defined in UseKestrel() instead.
[40m[32minfo[39m[22m[49m: Microsoft.Hosting.Lifetime[0]
      Now listening on: http://[::]:8080
[40m[32minfo[39m[22m[49m: Hangfire.BackgroundJobServer[0]
      Starting Hangfire Server using job storage: 'Server: mariadb@NexToreV3Eps'
[40m[32minfo[39m[22m[49m: Hangfire.BackgroundJobServer[0]
      Using the following options for SQL Server job storage:
[40m[32minfo[39m[22m[49m: Hangfire.BackgroundJobServer[0]
          Queue poll interval: 00:00:15.
[40m[32minfo[39m[22m[49m: Hangfire.BackgroundJobServer[0]
      Using the following options for Hangfire Server:
          Worker count: 2
          Listening queues: 'default', 'business'
          Shutdown timeout: 00:00:15
          Schedule polling interval: 00:00:15
[40m[32minfo[39m[22m[49m: Microsoft.Hosting.Lifetime[0]
      Application started. Press Ctrl+C to shut down.
[40m[32minfo[39m[22m[49m: Microsoft.Hosting.Lifetime[0]
      Hosting environment: Production
[40m[32minfo[39m[22m[49m: Microsoft.Hosting.Lifetime[0]
      Content root path: /app
[40m[32minfo[39m[22m[49m: Hangfire.Server.BackgroundServerProcess[0]
      Server f1bdcb4ab57c:10:6aa70429 successfully announced in 19.8469 ms
[40m[32minfo[39m[22m[49m: Hangfire.Server.BackgroundServerProcess[0]
      Server f1bdcb4ab57c:10:6aa70429 is starting the registered dispatchers: ServerWatchdog, ServerJobCancellationWatcher, ExpirationManager, CountersAggregator, Worker, DelayedJobScheduler, RecurringJobScheduler...
[40m[32minfo[39m[22m[49m: Hangfire.Server.BackgroundServerProcess[0]
      Server f1bdcb4ab57c:10:6aa70429 all the dispatchers started
[40m[32minfo[39m[22m[49m: Hangfire.Server.ServerWatchdog[0]
      1 servers were removed due to timeout
[40m[32minfo[39m[22m[49m: Microsoft.AspNetCore.Hosting.Diagnostics[1]
      Request starting HTTP/1.1 POST http://localhost:8081/api/user/login?profileID=23&useAPIkey=false application/json 60
[40m[32minfo[39m[22m[49m: Microsoft.AspNetCore.Routing.EndpointMiddleware[0]
      Executing endpoint 'NexTore.Core.WebAPI.UserController.Authenticate (NexTore.Core)'
[40m[32minfo[39m[22m[49m: Microsoft.AspNetCore.Mvc.Infrastructure.ControllerActionInvoker[3]
      Route matched with {action = "Authenticate", controller = "User"}. Executing controller action with signature System.Threading.Tasks.Task`1[NexTore.Core.DataModels.User.LoginContent] Authenticate(Int32, System.Object, Boolean) on controller NexTore.Core.WebAPI.UserController (NexTore.Core).
[40m[32minfo[39m[22m[49m: NexTore.Core.Authentication.NexCookieAuthenticationHandler[10]
      AuthenticationScheme: Nextore.Cookie signed in.
[40m[32minfo[39m[22m[49m: Microsoft.AspNetCore.Mvc.Infrastructure.ObjectResultExecutor[1]
      Executing ObjectResult, writing value of type 'NexTore.Core.DataModels.User.LoginContent'.
[40m[32minfo[39m[22m[49m: Microsoft.AspNetCore.Mvc.Infrastructure.ControllerActionInvoker[2]
      Executed action NexTore.Core.WebAPI.UserController.Authenticate (NexTore.Core) in 651.2143ms
[40m[32minfo[39m[22m[49m: Microsoft.AspNetCore.Routing.EndpointMiddleware[1]
      Executed endpoint 'NexTore.Core.WebAPI.UserController.Authenticate (NexTore.Core)'
[40m[32minfo[39m[22m[49m: Microsoft.AspNetCore.Hosting.Diagnostics[2]
      Request finished in 893.0475ms 200 application/json; charset=utf-8
root
drwxr-xr-x 1 web web 4096 Sep 20 07:09 /app
Container inited, skip this shell.
root
drwxr-xr-x 1 web web 4096 Sep 20 07:09 /app
Container inited, skip this shell.
root
drwxr-xr-x 1 web web 4096 Sep 20 07:09 /app
Container inited, skip this shell.
root
drwxr-xr-x 1 web web 4096 Sep 20 07:09 /app
Container inited, skip this shell.
[40m[32minfo[39m[22m[49m: Hangfire.Storage.MySql.MySqlStorage[0]
      DB tables already exist. Exit install
[40m[32minfo[39m[22m[49m: NexTore.Core.Modules.ModuleInitializer[0]
      Imported module:("NexTore.RealTimeNotification.REST"7d1d170c-ffba-4c1b-b7ee-ce26a81a4470).
[40m[32minfo[39m[22m[49m: NexTore.Core.Modules.ModuleInitializer[0]
      Imported module:("NexTore.REST.Client"a64fa1fc-a933-400e-b605-66b99d08071d).
[40m[32minfo[39m[22m[49m: NexTore.Core.Modules.ModuleInitializer[0]
      Imported module:("Solr Search Engine"9424bd4d-7902-4ec7-b3ae-03f119d30692).
[40m[32minfo[39m[22m[49m: NexTore.Core.Modules.ModuleInitializer[0]
      Imported module:("NexTore.RealTimeNotification"862ac0b7-7b21-4039-9746-4bd2ae79588c).
[40m[32minfo[39m[22m[49m: NexTore.Core.Modules.ModuleInitializer[0]
      Imported module:("NexTore.IOProvider.AWS.S3"0506ab0a-d1ca-424c-bda0-c27fb1e6aaab).
[40m[32minfo[39m[22m[49m: NexTore.Core.Modules.ModuleInitializer[0]
      Imported module:("NexTore.OCR.WebApp"425dd52f-26f6-4351-8fc5-7781a06eeef7).
[40m[32minfo[39m[22m[49m: NexTore.Core.Modules.ModuleInitializer[0]
      Imported module:("NexTore.Calendar"7e8f6dd7-7fed-4d6d-8588-d73cf0fcfdfd).
[40m[32minfo[39m[22m[49m: NexTore.Core.Modules.ModuleInitializer[0]
      Imported module:("ECM BDIS"e453c7de-dedb-4223-b129-66a6062c1548).
[40m[32minfo[39m[22m[49m: NexTore.Core.Modules.ModuleInitializer[0]
      Imported module:("ECM Common"1A9E5816-7287-4C71-A348-47118B4BCB8C).
[40m[32minfo[39m[22m[49m: NexTore.Core.Modules.ModuleInitializer[0]
      Imported module:("ECM ECF"FF6F2A1F-2535-4037-AB16-7C038A80E48F).
[40m[32minfo[39m[22m[49m: NexTore.Core.Modules.ModuleInitializer[0]
      Imported module:("ECM eCounter"CA42BA67-8AE4-4CE4-8BB6-93D8B1C4B39A).
[40m[32minfo[39m[22m[49m: NexTore.Core.Modules.ModuleInitializer[0]
      Imported module:("ECM e-Directory"9BBBF9F6-C3A1-45C8-A061-004DE66DCFA3).
[40m[32minfo[39m[22m[49m: NexTore.Core.Modules.ModuleInitializer[0]
      Imported module:("NexTore Viewer Module"d3183dc6-bef2-4ed7-ab20-04c287c707c2).
[40m[32minfo[39m[22m[49m: NexTore.Core.Modules.ModuleInitializer[0]
      Imported module:("EPS eProcessing"D83CE071-50DA-40E3-B8BB-689884D8AF78).
[40m[32minfo[39m[22m[49m: NexTore.Core.Modules.ModuleInitializer[0]
      Imported module:("ESH Common"7EDCD67E-D2D9-4C88-988C-9FA19B2BE712).
[40m[32minfo[39m[22m[49m: NexTore.Core.Modules.ModuleInitializer[0]
      Imported module:("ESH Registration"0905151F-95D2-4C33-8443-09F44DF05A0E).
[40m[32minfo[39m[22m[49m: NexTore.Core.Modules.ModuleInitializer[0]
      Imported module:("NexTore.FormToPdf.Webapp"c12a037b-239c-485e-ba98-27269274d9ad).
[40m[32minfo[39m[22m[49m: NexTore.Core.Modules.ModuleInitializer[0]
      Imported module:("NexTore.IAmSmart"597bca55-c396-4d23-b714-776386e407df).
[40m[32minfo[39m[22m[49m: NexTore.Core.Modules.ModuleInitializer[0]
      Imported module:("NexTore.FormToPdf.Webapp"c12a037b-239c-485e-ba98-27269274d9ad).
[40m[32minfo[39m[22m[49m: NexTore.Core.Modules.ModuleInitializer[0]
      Imported module:("NexTore.Sign"0ceb612e-77bc-4b0e-9cd9-c02ef891fba7).
[40m[32minfo[39m[22m[49m: NexTore.Core.Modules.ModuleInitializer[0]
      Imported module:("NexTore.Utilities"fe5680eb-281d-444b-85d6-6c80c99488d1).
[40m[32minfo[39m[22m[49m: NexTore.Core.Modules.ModuleInitializer[0]
      Enabled modules
[40m[1m[33mwarn[39m[22m[49m: Microsoft.AspNetCore.Server.Kestrel[0]
      Overriding address(es) 'http://+:8080'. Binding to endpoints defined in UseKestrel() instead.
[40m[32minfo[39m[22m[49m: Microsoft.Hosting.Lifetime[0]
      Now listening on: http://[::]:8080
[40m[32minfo[39m[22m[49m: Hangfire.BackgroundJobServer[0]
      Starting Hangfire Server using job storage: 'Server: mariadb@NexToreV3Eps'
[40m[32minfo[39m[22m[49m: Hangfire.BackgroundJobServer[0]
      Using the following options for SQL Server job storage:
[40m[32minfo[39m[22m[49m: Hangfire.BackgroundJobServer[0]
          Queue poll interval: 00:00:15.
[40m[32minfo[39m[22m[49m: Hangfire.BackgroundJobServer[0]
      Using the following options for Hangfire Server:
          Worker count: 2
          Listening queues: 'default', 'business'
          Shutdown timeout: 00:00:15
          Schedule polling interval: 00:00:15
[40m[32minfo[39m[22m[49m: Microsoft.Hosting.Lifetime[0]
      Application started. Press Ctrl+C to shut down.
[40m[32minfo[39m[22m[49m: Microsoft.Hosting.Lifetime[0]
      Hosting environment: Production
[40m[32minfo[39m[22m[49m: Microsoft.Hosting.Lifetime[0]
      Content root path: /app
[40m[32minfo[39m[22m[49m: Hangfire.Server.BackgroundServerProcess[0]
      Server f1bdcb4ab57c:10:e893f5ac successfully announced in 35.0504 ms
[40m[32minfo[39m[22m[49m: Hangfire.Server.BackgroundServerProcess[0]
      Server f1bdcb4ab57c:10:e893f5ac is starting the registered dispatchers: ServerWatchdog, ServerJobCancellationWatcher, ExpirationManager, CountersAggregator, Worker, DelayedJobScheduler, RecurringJobScheduler...
[40m[32minfo[39m[22m[49m: Hangfire.Server.BackgroundServerProcess[0]
      Server f1bdcb4ab57c:10:e893f5ac all the dispatchers started
[40m[32minfo[39m[22m[49m: Hangfire.Server.ServerWatchdog[0]
      1 servers were removed due to timeout
[40m[32minfo[39m[22m[49m: Microsoft.AspNetCore.Hosting.Diagnostics[1]
      Request starting HTTP/1.1 POST http://localhost:8081/api/user/login?profileID=23&useAPIkey=false application/json 60
[40m[32minfo[39m[22m[49m: Microsoft.AspNetCore.Routing.EndpointMiddleware[0]
      Executing endpoint 'NexTore.Core.WebAPI.UserController.Authenticate (NexTore.Core)'
[40m[32minfo[39m[22m[49m: Microsoft.AspNetCore.Mvc.Infrastructure.ControllerActionInvoker[3]
      Route matched with {action = "Authenticate", controller = "User"}. Executing controller action with signature System.Threading.Tasks.Task`1[NexTore.Core.DataModels.User.LoginContent] Authenticate(Int32, System.Object, Boolean) on controller NexTore.Core.WebAPI.UserController (NexTore.Core).
[40m[32minfo[39m[22m[49m: NexTore.Core.Authentication.NexCookieAuthenticationHandler[10]
      AuthenticationScheme: Nextore.Cookie signed in.
[40m[32minfo[39m[22m[49m: Microsoft.AspNetCore.Mvc.Infrastructure.ObjectResultExecutor[1]
      Executing ObjectResult, writing value of type 'NexTore.Core.DataModels.User.LoginContent'.
[40m[32minfo[39m[22m[49m: Microsoft.AspNetCore.Mvc.Infrastructure.ControllerActionInvoker[2]
      Executed action NexTore.Core.WebAPI.UserController.Authenticate (NexTore.Core) in 591.913ms
[40m[32minfo[39m[22m[49m: Microsoft.AspNetCore.Routing.EndpointMiddleware[1]
      Executed endpoint 'NexTore.Core.WebAPI.UserController.Authenticate (NexTore.Core)'
[40m[32minfo[39m[22m[49m: Microsoft.AspNetCore.Hosting.Diagnostics[2]
      Request finished in 814.3003ms 200 application/json; charset=utf-8
root
drwxr-xr-x 1 web web 4096 Sep 20 07:09 /app
Container inited, skip this shell.
root
drwxr-xr-x 1 web web 4096 Sep 20 07:09 /app
Container inited, skip this shell.
root
drwxr-xr-x 1 web web 4096 Sep 20 07:09 /app
Container inited, skip this shell.
[40m[32minfo[39m[22m[49m: Hangfire.Storage.MySql.MySqlStorage[0]
      DB tables already exist. Exit install
root
drwxr-xr-x 1 web web 4096 Sep 20 07:09 /app
Container inited, skip this shell.
root
drwxr-xr-x 1 web web 4096 Sep 20 07:09 /app
Container inited, skip this shell.
